// Jest Snapshot v1, https://goo.gl/fbAQLP

exports[`Home render correctlt 1`] = `
<div
  className="home"
>
  <div
    className="header"
  >
    <img
      alt="logo"
      className="app-logo"
      src="logo.png"
    />
  </div>
  <div
    className="MuiBox-root css-8atqhb"
  >
    <div
      className="MuiBox-root css-1gsv261"
    >
      <div
        className="MuiTabs-root tabs css-1ujnqem-MuiTabs-root"
      >
        <div
          className="MuiTabs-scroller MuiTabs-fixed css-jpln7h-MuiTabs-scroller"
          onScroll={[Function]}
          style={
            Object {
              "marginBottom": -0,
              "overflow": "hidden",
            }
          }
        >
          <div
            aria-orientation={null}
            className="MuiTabs-flexContainer css-heg063-MuiTabs-flexContainer"
            onKeyDown={[Function]}
            role="tablist"
          >
            <button
              aria-selected={true}
              className="MuiButtonBase-root MuiTab-root MuiTab-textColorPrimary Mui-selected css-1h9z7r5-MuiButtonBase-root-MuiTab-root"
              disabled={false}
              onBlur={[Function]}
              onClick={[Function]}
              onContextMenu={[Function]}
              onDragLeave={[Function]}
              onFocus={[Function]}
              onKeyDown={[Function]}
              onKeyUp={[Function]}
              onMouseDown={[Function]}
              onMouseLeave={[Function]}
              onMouseUp={[Function]}
              onTouchEnd={[Function]}
              onTouchMove={[Function]}
              onTouchStart={[Function]}
              role="tab"
              tabIndex={0}
              type="button"
            >
              All
              <span
                className="MuiTabs-indicator css-1aquho2-MuiTabs-indicator"
                style={Object {}}
              />
            </button>
            <button
              aria-selected={false}
              className="MuiButtonBase-root MuiTab-root MuiTab-textColorPrimary css-1h9z7r5-MuiButtonBase-root-MuiTab-root"
              disabled={false}
              onBlur={[Function]}
              onClick={[Function]}
              onContextMenu={[Function]}
              onDragLeave={[Function]}
              onFocus={[Function]}
              onKeyDown={[Function]}
              onKeyUp={[Function]}
              onMouseDown={[Function]}
              onMouseLeave={[Function]}
              onMouseUp={[Function]}
              onTouchEnd={[Function]}
              onTouchMove={[Function]}
              onTouchStart={[Function]}
              role="tab"
              tabIndex={-1}
              type="button"
            >
              Bag
            </button>
          </div>
        </div>
      </div>
    </div>
    <form
      className="search"
    >
      <input
        onChange={[Function]}
        placeholder="Search..."
        type="search"
      />
    </form>
    <div
      hidden={false}
      role="tabpanel"
    >
      <div
        className="MuiBox-root css-19kzrtu"
      >
        <span
          className="MuiTypography-root MuiTypography-body1 css-ahj2mt-MuiTypography-root"
        >
          <div
            className="scroll"
          >
            <div
              className="MuiGrid-root MuiGrid-container css-1sjizby-MuiGrid-root"
            >
              No Cards to show
            </div>
          </div>
        </span>
      </div>
    </div>
    <div
      hidden={true}
      role="tabpanel"
    />
  </div>
</div>
`;
